1;Chérie FM;http://cdn.nrjaudio.fm/audio1/fr/40104/mp3_128.mp3
2;Europe N° 1;http://ais-live.cloud-services.paris:8000/europe1.mp3
3;FIP;http://direct.fipradio.fr/live/fip-midfi.mp3
4;France-Culture;http://direct.franceculture.fr/live/franceculture-midfi.mp3
5;France-Info;http://direct.franceinfo.fr/live/franceinfo-midfi.mp3
6;France-Inter;http://direct.franceinter.fr/live/franceinter-midfi.mp3
7;France-Musique;http://direct.francemusique.fr/live/francemusique-midfi.mp3
8;Frequence Jazz;http://broadcast.infomaniak.ch/frequencejazz-high.mp3
9;Le Mouv;http://direct.mouv.fr/live/mouv-midfi.mp3
10;Nostalgie;http://scdn.nrjaudio.fm/adwz2/fr/30601/mp3_128.mp3?origine=fluxradios
11;Radio-Classique;http://radioclassique.ice.infomaniak.ch/radioclassique-high.mp3
12;Radio Crooner;http://stream.crooner.fr/crooner_hd
13;Radio Grenouille;http://live.radiogrenouille.com/live
14;RFI;http://live02.rfi.fr/rfimonde-96k.mp3
15;RFM;https://stream.rfm.fr/rfm.mp3
16;Rires et chansons;https://scdn.nrjaudio.fm/audio1/fr/30401/mp3_128.mp3
17;RMC;http://audio.bfmtv.com/rmcradio_128.mp3?aw_0_1st.playerId%AudioPlayer_Web_Next
18;RTBF;http://radios.rtbf.be/rtbfmix-128.mp3
19;RTL;http://icecast.rtl.fr/rtl-1-44-128?listen%webCwsBCggNCQgLDQUGBAcGBg
20;RTL 2;https://icecast.rtl.fr/rtl2-1-44-128?listen%webGJmqBU59boQ7rZDjrGO5e4
21;Skyrock;http://icecast.skyrock.net/s/natio_mp3_128k
22;Sud Radio;http://start-sud.ice.infomaniak.ch/start-sud-high.mp3
23;Suisse Premiere;http://stream.srg-ssr.ch/m/la-1ere/mp3_128
